// Jest Snapshot v1, https://goo.gl/fbAQLP

exports[`renders external components 1`] = `
<div>
  <section>
    Error getting product
  </section>
</div>
`;
