// Jest Snapshot v1, https://goo.gl/fbAQLP

exports[`ProductListing renders as expected 1`] = `
<div>
  <div>
    <h2>
      Product Listing!!!
    </h2>
  </div>
</div>
`;
