// Jest Snapshot v1, https://goo.gl/fbAQLP

exports[`Header renders as expected 1`] = `
<div>
  <div>
    <div>
      <h2>
        Header Count: 
        0
      </h2>
      <button>
        Make number go up plz
      </button>
      <button>
        Make number go down pretty plz
      </button>
    </div>
    <div>
      loading text positioner...
    </div>
  </div>
</div>
`;
